// Jest Snapshot v1, https://goo.gl/fbAQLP

exports[`Sign On Page Elements 1`] = `
<div
  className="sign-on-wrapper"
>
  <img
    className="dots-pattern"
    src="images/pattern-dots.png"
  />
  <div
    className="row"
  >
    <h2>
      SIGN ON
    </h2>
    <div
      className="page-instructions col-xs-offset-4 col-xs-4"
    >
      <p>
        Please enter your email address and password below.
      </p>
    </div>
  </div>
  <form
    onSubmit={[Function]}
  >
    <div
      className="row md-spacer"
    >
      <div
        className="col-sm-6 input-row"
      >
        <label
          forHtml="loginEmail"
        >
          USER NAME (EMAIL)
        </label>
        <input
          className="form-group hg-input v2"
          id="loginEmail"
          placeholder="Your Email Address"
          required={true}
          type="text"
          value=""
        />
      </div>
      <div
        className="col-sm-6 input-row"
      >
        <label
          forHtml="loginPassword"
        >
          PASSWORD
        </label>
        <input
          className="form-group hg-input v2"
          id="loginPassword"
          label="Your Password"
          placeholder="Your Password"
          required={true}
          type="password"
        />
      </div>
    </div>
    <label>
      Remember Me
    </label>
    <div
      className="row lg-spacer"
    >
      <div
        className="col-xs-offset-3 col-xs-6"
      >
        <button
          className="primary"
        >
          SIGN ON
        </button>
        <div
          className="row remember-me-row"
        >
          <input
            checked=""
            className="remember-checkbox"
            id="remember-checkbox"
            onClick={[Function]}
            type="checkbox"
          />
          <label
            htmlFor="remember-checkbox"
          >
            Remember Me
          </label>
        </div>
        <div
          className="row forgot-password-row"
        >
          <a
            href="/resetpassword"
            onClick={[Function]}
          >
            Forgot your password?
          </a>
        </div>
      </div>
    </div>
  </form>
</div>
`;
