// Jest Snapshot v1, https://goo.gl/fbAQLP

exports[`Patient Info Story 1`] = `
<div
  className="patient-info-wrapper"
>
  <div
    className="tab-content clearfix"
  >
    <div
      className="general-info-form tab-pane active"
    >
      <form>
        <div>
          <div
            className="col-sm-3"
          >
            <div />
          </div>
          <div
            className="col-sm-4"
          >
            <div />
          </div>
          <div
            className="col-sm-2"
          >
            <div />
          </div>
          <div
            className="col-sm-3"
          >
            <div />
          </div>
        </div>
        <div>
          <div
            className="col-sm-3"
          >
            <div />
          </div>
          <div
            className="col-sm-2"
          >
            <div />
          </div>
          <div
            className="col-sm-2"
          >
            <div />
          </div>
          <div
            className="col-sm-2"
          >
            <div />
          </div>
          <div
            className="col-sm-3"
          >
            <div />
          </div>
        </div>
        <div>
          <div
            className="col-sm-4"
          >
            <div />
          </div>
          <div
            className="col-sm-3"
          >
            <div />
          </div>
          <div
            className="col-sm-2"
          >
            <div />
          </div>
          <div
            className="col-sm-2"
          >
            <div />
          </div>
        </div>
        <div>
          <div
            className="col-sm-4"
          >
            <div />
          </div>
          <div
            className="col-sm-2"
          >
            <div />
          </div>
          <div
            className="col-sm-3"
          >
            <div />
          </div>
        </div>
        <div>
          <div
            className="col-sm-4"
          >
            <div />
          </div>
          <div
            className="col-sm-2"
          >
            <div />
          </div>
          <div
            className="col-sm-3"
          >
            <div />
          </div>
        </div>
        <div>
          <div
            className="col-sm-4"
          >
            <div />
          </div>
        </div>
      </form>
    </div>
  </div>
</div>
`;
