// Jest Snapshot v1, https://goo.gl/fbAQLP

exports[`Story 1`] = `
<header
  className={null}
>
  <div
    className="row no-margin"
  >
    <div
      className="logo-window col-xs-6"
    >
      <div
        className="logo-animation"
      >
        <div
          className="logo-full"
        />
        <div
          className="logo-small"
        />
      </div>
    </div>
    <div
      className="col-xs-6"
    >
      <div
        className="pull-right"
      >
        <a
          href="/"
          onClick={[Function]}
        >
          <i
            aria-hidden="true"
            className="fa fa-tachometer fa-2"
          />
          <div
            className="dashboard-text text-small-o"
          >
            Dashboard
          </div>
        </a>
        <a
          href="/"
          onClick={[Function]}
        >
          <i
            aria-hidden="true"
            className="fa fa-cog fa-2"
          />
          <div
            className="settings-text text-small-o"
          >
            Settings
          </div>
        </a>
      </div>
    </div>
  </div>
  <div
    className="row no-margin"
  >
    <div
      className="col-xs-12 col-sm-3"
    >
      <div
        className="manager-logo"
      />
    </div>
    <div
      className="col-xs-12 col-sm-9"
    >
      <div
        className="pull-right"
      >
        <div
          className="sign-in-status"
        >
          Currently signed in as
          <br />
          <span>
            AgentUsername
          </span>
        </div>
        <div
          className="subheader-pipe"
        >
          |
        </div>
        <a
          className="logout"
          href="#"
          onClick={[Function]}
        >
          Log out
        </a>
      </div>
    </div>
  </div>
</header>
`;
