// Jest Snapshot v1, https://goo.gl/fbAQLP

exports[`ResetPassword Page Story 1`] = `
<div
  className="reset-password-wrapper"
>
  <h2>
    RESET YOUR PASSWORD
  </h2>
  <h3>
    Just enter your email and we'll send you instructions.
  </h3>
  <form>
    <div>
      <div
        className="col-sm-6"
      >
        <div />
      </div>
    </div>
    <button
      onClick={undefined}
    >
      RESET PASSWORD
    </button>
  </form>
  <a
    href="/login"
    onClick={[Function]}
  >
    Back to Sign in
  </a>
</div>
`;
