// Jest Snapshot v1, https://goo.gl/fbAQLP

exports[`ResetPassword Page Story 1`] = `
<div
  className="reset-password-wrapper card"
>
  <img
    className="dots-pattern"
    src="images/pattern-dots.png"
  />
  <h2>
    RESET YOUR PASSWORD
  </h2>
  <div
    className="page-instructions col-xs-offset-3 col-xs-6"
  >
    <p>
      Just enter your email and we'll send you instructions.
    </p>
  </div>
  <form>
    <div
      className="row lg-spacer"
    >
      <div
        className="col-sm-offset-3 col-sm-6 input-row"
      >
        <input
          className="form-group hg-input v2"
          id="reset-email"
          label="Your Email"
          placeholder="Your Email Address"
          required={true}
          type="text"
        />
      </div>
    </div>
    <div
      className="row lg-spacer"
    >
      <div
        className="col-xs-offset-3 col-xs-6"
      >
        <button
          className="primary"
          onClick={undefined}
        >
          RESET PASSWORD
        </button>
      </div>
    </div>
  </form>
  <div
    className="row back-to-sign-in-row"
  >
    <a
      href="/login"
      onClick={[Function]}
    >
      Back to Sign in
    </a>
  </div>
</div>
`;
