// Jest Snapshot v1, https://goo.gl/fbAQLP

exports[`Search Patient Story 1`] = `
<div
  className="search-patient-notfound-wrapper"
>
  <form
    onSubmit={[Function]}
  >
    <div
      className="row sm-spacer"
    >
      <div
        className="col-xs-8 no-margin"
      >
        <h3
          className="patient-notfound-msg"
        >
          This patient is not found in hg smartaccess.
        </h3>
      </div>
      <div
        className="col-xs-4 no-margin"
      >
        <button
          className="primary-btn"
          type="submit"
        >
          Enter New Patient
        </button>
      </div>
    </div>
  </form>
</div>
`;
