// Jest Snapshot v1, https://goo.gl/fbAQLP

exports[`Story 1`] = `
<nav
  className="navigation-wrapper"
>
  <h1>
    Navigation
  </h1>
  <a
    href="/login"
    onClick={[Function]}
  >
    SignOn
  </a>
  <a
    href="/patientsearch"
    onClick={[Function]}
  >
    Search for Patients
  </a>
  <a
    href="/users"
    onClick={[Function]}
  >
    User Management Page
  </a>
  <a
    href="/patientinfo"
    onClick={[Function]}
  >
    Confirm Patient Info
  </a>
  <a
    href="/searchandcalendar"
    onClick={[Function]}
  >
    Search and Calendar
  </a>
  <a
    href="/confirm"
    onClick={[Function]}
  >
    Confirm
  </a>
</nav>
`;
