// Jest Snapshot v1, https://goo.gl/fbAQLP

exports[`ChangePassword Page Story 1`] = `
<div
  className="change-password-wrapper card"
>
  <img
    className="dots-pattern"
    src="images/pattern-dots.png"
  />
  <div
    className="row"
  >
    <h2>
      UPDATE PASSWORD
    </h2>
    <div
      className="page-instructions col-xs-offset-4 col-xs-4"
    >
      <p>
        Please enter and confirm your new password below.
      </p>
    </div>
  </div>
  <div
    className="alert-row"
  />
  <form
    onSubmit={[Function]}
  >
    <div
      className="row change-password-spacer"
    >
      <div
        className="col-sm-offset-1 col-sm-5 input-row"
      >
        <label
          htmlFor="loginChangePassword"
        >
          NEW PASSWORD
        </label>
        <input
          id="loginChangePassword"
          placeholder="Your New Password"
          required={true}
          type="password"
        />
      </div>
      <div
        className="col-sm-5 input-row"
      >
        <label
          htmlFor="loginChangePasswordConfirm"
        >
          CONFIRM PASSWORD
        </label>
        <input
          id="loginChangePasswordConfirm"
          label="Confirm Password"
          onBlur={[Function]}
          placeholder="Confirm Password"
          required={true}
          type="password"
        />
      </div>
    </div>
    <div
      className="row change-password-spacer"
    >
      <div
        className="col-xs-offset-3 col-xs-6"
      >
        <button
          className="primary-btn"
        >
          CHANGE PASSWORD
        </button>
      </div>
    </div>
  </form>
</div>
`;
