// Jest Snapshot v1, https://goo.gl/fbAQLP

exports[`Story 1`] = `
<div
  className="patient-notes-wrapper"
>
  <div
    className="tab-content clearfix"
  >
    <div
      className="patient-notes-form tab-pane active"
    >
      <table
        className="notes-tables header-table"
      >
        <th>
          Date
        </th>
        <th>
          Time
        </th>
        <th>
          Title
        </th>
        <th>
          Actions
        </th>
      </table>
    </div>
  </div>
</div>
`;
