// Jest Snapshot v1, https://goo.gl/fbAQLP

exports[`Story 1`] = `
<div
  className="patient-notes-wrapper"
>
  <div
    className="tab-content clearfix"
  >
    <div
      className="patient-notes-form tab-pane active"
    >
      <div
        className="page-instructions"
      >
        <p>
          No notes description
        </p>
      </div>
      <table
        className="notes-tables header-table"
      >
        <tr>
          <th>
            Date
          </th>
          <th>
            Time
          </th>
          <th>
            Title
          </th>
          <th>
            Actions
          </th>
        </tr>
        <tbody />
      </table>
    </div>
  </div>
</div>
`;
